2015-10-30 16:28:02 Agisoft PhotoScan Version: 1.2.0 build 2172 (64 bit)
2015-10-30 16:28:02 OpenGL Vendor: NVIDIA Corporation
2015-10-30 16:28:02 OpenGL Renderer: GeForce GTX 680/PCIe/SSE2
2015-10-30 16:28:02 OpenGL Version: 4.5.0 NVIDIA 347.52
2015-10-30 16:28:02 Maximum Texture Size: 16384
2015-10-30 16:28:02 Quad Buffered Stereo: not enabled
2015-10-30 16:28:02 ARB_vertex_buffer_object: supported
2015-10-30 16:28:02 ARB_texture_non_power_of_two: supported
2015-10-30 16:28:02 Loading project...
2015-10-30 16:28:04 loaded project in 1.747 sec
2015-10-30 16:28:04 Finished processing in 1.747 sec (exit code 1)
>>> for c in doc.chunk.cameras: 
... 	print(c.transform)
... 
Traceback (most recent call last):
  File "<console>", line 1, in <module>
NameError: name 'doc' is not defined

>>> import PhotoScan
>>> doc = PhotoScan.app.doc
Traceback (most recent call last):
  File "<console>", line 1, in <module>
AttributeError: 'PhotoScan.Application' object has no attribute 'doc'

>>> doc = PhotoScan.app.document
>>> for c in doc.chunk.cameras: 
... 	print(c.transform)
... 
Matrix([[0.3223763172851886, 0.9449264142567804, -0.05645867243801479, 1.3472896152800895],
       [-0.9436359366823606, 0.3255162269511017, 0.05991998826037212, 0.14923836908759316],
       [0.07499819367987252, 0.03395964710273815, 0.9966052444741669, -0.27268379518010183],
       [0.0, 0.0, 0.0, 1.0]])
Matrix([[0.30495641809036983, 0.9504551802552001, -0.06030367643474449, 0.4290491146732167],
       [-0.9495818598872936, 0.3082930727566373, 0.057005900249526884, -0.08007677595722598],
       [0.07277275890386345, 0.03987896207683357, 0.9965509489961837, -0.25311638637101064],
       [0.0, 0.0, 0.0, 1.0]])
Matrix([[0.31928030183242456, 0.9452381602967517, -0.06771195744185837, -0.486492358303977],
       [-0.9446473485159803, 0.32314488361768084, 0.05673421483940129, -0.31284700846410785],
       [0.07550811746775102, 0.04584980382212876, 0.9960905178175067, -0.23520692060281792],
       [0.0, 0.0, 0.0, 1.0]])
Matrix([[0.3190373061575688, 0.9451676024016249, -0.06980974609669913, -1.398224598352289],
       [-0.9451551223159387, 0.3227408976881316, 0.0502006744915038, -0.5450157207477394],
       [0.06997851127070828, 0.049965151153807924, 0.9962963874422672, -0.2208024469328399],
       [0.0, 0.0, 0.0, 1.0]])
Matrix([[0.3248053580887996, 0.9430383212465872, -0.07197363418103322, -2.3570872379384373],
       [-0.9428775224751962, 0.3288275568808998, 0.053426729703159, -0.7902556011278191],
       [0.07405036777655102, 0.05050903380740062, 0.995974588298316, -0.20827758129769317],
       [0.0, 0.0, 0.0, 1.0]])
Matrix([[0.31792431440128327, 0.9455505896209158, -0.06970088076927496, -3.2476449832863694],
       [-0.9442407432780104, 0.32240813343524316, 0.06680130409350456, -1.0265120529610388],
       [0.0856361433406737, 0.0445766526596731, 0.9953287763304117, -0.18894726644762633],
       [0.0, 0.0, 0.0, 1.0]])
Matrix([[-0.12872979326344408, -0.9887267086693977, 0.07647310566552662, -3.854439438167073],
       [0.9873905490366529, -0.12062690436194226, 0.10251367526897083, -2.732151987051695],
       [-0.0921332947389168, 0.08870538601367274, 0.9917876841808014, -0.031536156813543485],
       [0.0, 0.0, 0.0, 1.0]])
Matrix([[-0.12235858327800911, -0.9902764621595642, 0.06618840979307158, -2.679626878779048],
       [0.9903379813196295, -0.11743675521044136, 0.07375155104405669, -2.4306743393297494],
       [-0.06526147296805165, 0.07457303144153345, 0.9950777874757633, -0.06038600223301417],
       [0.0, 0.0, 0.0, 1.0]])
Matrix([[-0.132173838260079, -0.9898590107298236, 0.052050123501999924, -1.480809365191419],
       [0.9892251591611402, -0.1283897628609237, 0.07035377228786342, -2.137417342588635],
       [-0.06295761242467218, 0.06078821982498538, 0.9961632051869282, -0.06761093013882923],
       [0.0, 0.0, 0.0, 1.0]])
Matrix([[-0.13548035139757242, -0.9887575862321164, 0.0632732965288589, -0.28932836249232335],
       [0.9883255810615993, -0.13037646729783103, 0.07883224336646544, -1.8397675130766171],
       [-0.06969662979256842, 0.07321483759031502, 0.994877865545405, -0.07354845707657297],
       [0.0, 0.0, 0.0, 1.0]])
Matrix([[-0.13746722478676526, -0.9878609451147006, 0.07234303854909072, 0.908467618153778],
       [0.9878188420272352, -0.131351558870082, 0.08343082954382669, -1.5391840105622996],
       [-0.07291568723804664, 0.08293082116734193, 0.9938841891564192, -0.09139257960170542],
       [0.0, 0.0, 0.0, 1.0]])
Matrix([[0.2950653646765358, 0.9534739030012759, -0.06183806969672331, 1.8630240692242848],
       [-0.9525197478245978, 0.298623482569362, 0.05941502892628044, -3.190571049316585],
       [0.07511697925547675, 0.04137066537608294, 0.9963161684294161, 0.14100301059969106],
       [0.0, 0.0, 0.0, 1.0]])
Matrix([[0.3057996464087562, 0.9503093724606099, -0.05829813779017052, 0.9500507573469369],
       [-0.9488851863397364, 0.3092209226314321, 0.06324020992983696, -3.4304399532226655],
       [0.07812476816787148, 0.035979405504925926, 0.9962941347705649, 0.16568344194877485],
       [0.0, 0.0, 0.0, 1.0]])
Matrix([[0.29940459083012894, 0.9527973727091986, -0.050339423400466994, 0.03176986139196516],
       [-0.951856268359838, 0.3019134609188159, 0.05308395708786683, -3.664626304178992],
       [0.06577640438581998, 0.032022315257817534, 0.9973204279225418, 0.18344284746870537],
       [0.0, 0.0, 0.0, 1.0]])
Matrix([[0.3023967829951897, 0.951917115315504, -0.04909166124271422, -0.8962199274055163],
       [-0.9523960849344623, 0.30383760829101203, 0.02498810095837803, -3.8917833489820635],
       [0.038702493920530656, 0.039198384627517374, 0.9984816491087478, 0.20407277500296733],
       [0.0, 0.0, 0.0, 1.0]])
Matrix([[0.31695345387279306, 0.9453966359722293, -0.0759322643577766, -1.8480686641168969],
       [-0.945524636812371, 0.3212381806293099, 0.052812806087206385, -4.154394572682647],
       [0.07432139166445455, 0.05505662538117351, 0.9957133617375513, 0.21261184703413608],
       [0.0, 0.0, 0.0, 1.0]])
Matrix([[0.3037272856702374, 0.9506674401639618, -0.06309638778480114, -2.765383497639258],
       [-0.9493905957690311, 0.3075528957817697, 0.06378646378011663, -4.38972122923258],
       [0.08004519101553981, 0.04052942768344845, 0.9959669336313017, 0.21938957869595038],
       [0.0, 0.0, 0.0, 1.0]])
Matrix([[-0.14443822303180265, -0.9877950270950052, 0.05829737707473061, -1.2200857500397098],
       [0.9887110223086374, -0.14169763479765402, 0.048706207593695164, -5.488025828532017],
       [-0.039851149203312744, 0.06467429736092044, 0.9971103856484731, 0.3158211354627581],
       [0.0, 0.0, 0.0, 1.0]])
Matrix([[-0.15224958053291104, -0.9873529376916258, 0.0442068055763943, 0.007531126161317939],
       [0.9862463880352511, -0.14886346951234744, 0.07181733448247322, -5.194049180037106],
       [-0.0643282777242922, 0.05453296137624379, 0.9964376693042889, 0.30420529116302947],
       [0.0, 0.0, 0.0, 1.0]])
Matrix([[-0.974062964250964, 0.22627329866367207, 0.0013175683989824633, 2.0496158994879714],
       [-0.2238256764100306, -0.9643485444754155, 0.1411876458750544, -3.8247171218487113],
       [0.03321758953051249, 0.13723075121855216, 0.9899819759297516, 0.30349129262738206],
       [0.0, 0.0, 0.0, 1.0]])
Matrix([[-0.9712976780181406, 0.2378515827380362, -0.0027286013962409834, 1.8859298774122741],
       [-0.23675258252802395, -0.9655733411018357, 0.10777911495159602, -2.6365875640492944],
       [0.02300076831063832, 0.1053316075185851, 0.9941711206400392, 0.21355051396321553],
       [0.0, 0.0, 0.0, 1.0]])
Matrix([[-0.9731788346729845, 0.2300231214599523, 0.0035098915014412837, 1.7046341749149783],
       [-0.22797433715039428, -0.9663311977121932, 0.11929676411770969, -1.4489244677354252],
       [0.030832731720854815, 0.11529692069581975, 0.9928524375417987, 0.13746026703007586],
       [0.0, 0.0, 0.0, 1.0]])
Matrix([[0.9999849249995074, 0.0034846994415964104, -0.004243423562556838, -0.10635732448662139],
       [-0.003434007077810051, 0.9999233511152744, 0.011895355807595208, 0.9754860112275354],
       [0.004284550048613668, -0.011880604538552582, 0.9999202437528102, -0.0821226514636965],
       [0.0, 0.0, 0.0, 1.0]])
Matrix([[0.9999967981628723, 0.00038759678600071117, -0.002500686452766078, 0.038979728309095796],
       [-0.00032509518986772036, 0.9996887485295749, 0.024945949099801204, 0.011985672590076732],
       [0.0025095770801254022, -0.02494505626579803, 0.9996856736948745, -0.011762052956571479],
       [0.0, 0.0, 0.0, 1.0]])
Matrix([[0.9997931778926619, 0.0009716321627016829, -0.020313969829471503, 0.20529322695034438],
       [-0.00034915880418359143, 0.9995309221945904, 0.03062374348379189, -0.9409901713095165],
       [0.020334196011195915, -0.03061031701521611, 0.9993245363568365, 0.06742124832424067],
       [0.0, 0.0, 0.0, 1.0]])
Matrix([[0.9999255227982982, -0.011491283676582665, -0.004110870469180645, 0.34948784143371237],
       [0.011579953459741365, 0.9996856258008944, 0.022238575605113855, -1.8989822388649107],
       [0.003854028336727775, -0.02228452302694509, 0.9997442405430708, 0.14679644844956302],
       [0.0, 0.0, 0.0, 1.0]])
Matrix([[0.9998744898113628, -0.011645903555087288, -0.010741394455673871, 0.506141144708045],
       [0.011825485810336791, 0.9997887762741262, 0.016809542576608213, -2.865522378477901],
       [0.010543363306663552, -0.01693445501546732, 0.999801011063458, 0.22801681669640053],
       [0.0, 0.0, 0.0, 1.0]])
Matrix([[0.9997999569033232, -0.019293513343056738, -0.005273188693223962, 0.6625447436904351],
       [0.019370440684042752, 0.999700612590794, 0.014948953585358962, -3.8220164507009975],
       [0.004983192131458984, -0.015048107139189528, 0.9998743532403002, 0.30198550457719187],
       [0.0, 0.0, 0.0, 1.0]])
Matrix([[-0.978380693136558, 0.20634403755788372, 0.013905303374584356, -1.010897335829978],
       [-0.2018471732666649, -0.9673763077446603, 0.1531038793060623, -5.841874234509586],
       [0.045043733658362596, 0.14698713337778588, 0.9881122631965941, 0.4873901074496501],
       [0.0, 0.0, 0.0, 1.0]])
Matrix([[-0.9704586651709557, 0.24100285252847825, 0.011296205900366747, -1.1622422088481443],
       [-0.23667397467288176, -0.9600308818374592, 0.14941932817052347, -4.691409998296594],
       [0.04685519082393157, 0.14233176381794413, 0.9887093911262934, 0.387614739134557],
       [0.0, 0.0, 0.0, 1.0]])
Matrix([[-0.9655777951454902, 0.259171736769943, -0.022125378677552703, -1.307359595359809],
       [-0.25961733684646704, -0.9549835141699441, 0.14354555399723182, -3.549793901163163],
       [0.016073578653236158, 0.14434853142057083, 0.989396352098593, 0.28589351269834923],
       [0.0, 0.0, 0.0, 1.0]])
Matrix([[-0.9643341193945366, 0.26468793726115447, 4.5166344887132004e-05, -1.5096826474148646],
       [-0.26206867828966085, -0.9548153258991221, 0.14017025821358642, -2.328624667280152],
       [0.03714450203023066, 0.1351591258353959, 0.9901274143625847, 0.19330975727739783],
       [0.0, 0.0, 0.0, 1.0]])
Matrix([[-0.9656092946737659, 0.2596448883463166, -0.013535951952526132, -1.6869470300007599],
       [-0.2588822998961232, -0.9553469441156683, 0.14245059202877297, -1.173574217178797],
       [0.024055037728635105, 0.14105583406751726, 0.9897093547276348, 0.09772511872264877],
       [0.0, 0.0, 0.0, 1.0]])
Matrix([[-0.957486936415992, 0.2884125447375032, -0.006080347914031493, -1.8799185107085727],
       [-0.28560112109379987, -0.944763613109155, 0.16079090451545866, -0.04917478264413694],
       [0.04062962247772721, 0.15569174474895056, 0.9869697636677354, 0.000115391016501945],
       [0.0, 0.0, 0.0, 1.0]])
Matrix([[0.9999718140645265, -0.004657869143627367, -0.005888576359440903, -3.273580560879709],
       [0.004775535064018286, 0.9997859962868255, 0.02012848463278213, -0.6726803835852629],
       [0.005793560334755658, -0.020156038395494753, 0.9997800602006658, -0.017253411912206678],
       [0.0, 0.0, 0.0, 1.0]])
Matrix([[0.9993240211676677, -0.027668106529197527, -0.02420695351281706, -3.104536178648325],
       [0.027918682530297872, 0.9995594201707775, 0.010075351786984004, -1.64718303054922],
       [0.02391752251081097, -0.010744367312597721, 0.9996561962434869, 0.06079025898783833],
       [0.0, 0.0, 0.0, 1.0]])
Matrix([[0.9996627808180323, -0.02430148472404611, 0.00915218484110485, -2.9593972083458033],
       [0.02411164444773591, 0.9995029193738062, 0.020311148792341784, -2.6194693160572564],
       [-0.009641226539437914, -0.020083625256552523, 0.9997518165761788, 0.13435566035679378],
       [0.0, 0.0, 0.0, 1.0]])
Matrix([[0.9995688932442309, -0.010614433193794815, -0.027374467419069553, -2.776494956302464],
       [0.010942229008640598, 0.9998698828273959, 0.011852638484828834, -3.5810723344392765],
       [0.027245096491400025, -0.012147066423793365, 0.9995549777248224, 0.21047717926963042],
       [0.0, 0.0, 0.0, 1.0]])
Matrix([[0.999925212356864, -0.010963896395648187, -0.005418733145831907, -2.615983690651586],
       [0.011022950675190142, 0.9998788368223052, 0.01099118889321553, -4.559186012337328],
       [0.005297570338614663, -0.011050097316291469, 0.9999249127298548, 0.28038366046745655],
       [0.0, 0.0, 0.0, 1.0]])

>>> 